
> hhtool-modular@1.0.0 build
> tsc && vite build

src/components/poker/PotCalculationDisplay.tsx(425,37): error TS2339: Property 'postedSB' does not exist on type '{ name: string; position: string; stack: number; }'.
src/components/poker/PotCalculationDisplay.tsx(426,35): error TS2339: Property 'postedSB' does not exist on type '{ name: string; position: string; stack: number; }'.
src/components/poker/PotCalculationDisplay.tsx(430,18): error TS2339: Property 'postedBB' does not exist on type '{ name: string; position: string; stack: number; }'.
src/components/poker/PotCalculationDisplay.tsx(431,37): error TS2339: Property 'postedBB' does not exist on type '{ name: string; position: string; stack: number; }'.
src/components/poker/PotCalculationDisplay.tsx(432,63): error TS2339: Property 'postedBB' does not exist on type '{ name: string; position: string; stack: number; }'.
src/components/poker/PotCalculationDisplay.tsx(434,18): error TS2339: Property 'postedAnte' does not exist on type '{ name: string; position: string; stack: number; }'.
src/components/poker/PotCalculationDisplay.tsx(435,37): error TS2339: Property 'postedAnte' does not exist on type '{ name: string; position: string; stack: number; }'.
src/components/poker/PotCalculationDisplay.tsx(436,62): error TS2339: Property 'postedAnte' does not exist on type '{ name: string; position: string; stack: number; }'.
